[    1s] active surface-mine permits: 859
[    1s] geology lookups to do: 859
[    2s]   1/859
[    4s]   51/859
[    7s]   101/859
[    9s]   151/859
[   11s]   201/859
[   14s]   251/859
[   16s]   301/859
[   19s]   351/859
[   21s]   401/859
[   23s]   451/859
[   26s]   501/859
[   28s]   551/859
[   30s]   601/859
[   33s]   651/859
[   35s]   701/859
[   38s]   751/859
[   40s]   801/859
[   42s]   851/859
[   43s] pits by ground: {'glacial deposits': 326, 'bedrock or older': 292, 'Ice Age flood deposits': 117, 'alluvium': 57, 'other Quaternary': 32, 'loess': 25, 'lake or bog deposits': 10}
[   43s] unit descriptions seen, by kind:
[   43s]   Ice Age flood deposits: {'Pleistocene outburst flood deposits': 117}
[   43s]   alluvium: {'Quaternary alluvium': 57}
[   43s]   bedrock or older: {'Miocene Columbia River Basalt Group, Wanapum Basalt': 85, 'Miocene Columbia River Basalt Group, Grande Ronde Basalt': 44, 'Miocene Columbia River Basalt Group, Saddle Mountains Basalt': 34, 'Tertiary volcanic rocks': 31, 'Tertiary sedimentary rocks and deposits': 23, 'Eocene Crescent Formation, volcanic rocks': 15, 'Paleozoic metasedimentary rocks': 11, 'Tertiary intrusive rocks': 7, 'Mesozoic metasedimentary rocks': 7, 'Holocene artificial fill and modified land': 5, 'Tertiary fragmental volcanic rocks and deposits (includes lahars)': 4, 'Precambrian heterogeneous metamorphic rocks': 4}
[   43s]   glacial deposits: {'Pleistocene continental glacial drift': 280, 'Pleistocene continental glacial till': 26, 'Pleistocene alpine glacial drift': 18, 'Pleistocene glacial and nonglacial deposits': 2}
[   43s]   lake or bog deposits: {'Pleistocene bog, marsh, swamp, or lake deposits': 6, 'Quaternary bog, marsh, swamp, or lake deposits': 4}
[   43s]   loess: {'Quaternary eolian deposits, loess': 25}
[   43s]   other Quaternary: {'Quaternary mass-wasting deposits': 9, 'Quaternary sedimentary rocks and deposits': 8, 'Quaternary dune sand': 7, 'Quaternary-Tertiary volcanic rocks': 3, 'Quaternary fragmental volcanic rocks and deposits (includes lahars)': 2, 'Quaternary-Tertiary sedimentary rocks and deposits': 1, 'Pleistocene volcanic rocks': 1, 'Quaternary volcanic rocks': 1}
[   45s] Ice Age vertebrate fossil records in WA: 71 at 14 places (PBDB 36, iDigBio 35)
[   45s] Coyote Canyon pit: {'name': 'MAHAFFEY ROCK PIT #1', 'permit': 11422, 'rank': 185, 'of': 859, 'ground': 'loess', 'unit': 'Quaternary eolian deposits, loess', 'km_to_find': 110.6, 'percentile': np.float64(0.786)}
Traceback (most recent call last):
  File "/home/runner/work/project-ice-wave/project-ice-wave/tools/v5/quarries.py", line 176, in <module>
    "acres": r.PERMIT_ACREAGE, "depth_ft": r.PERMIT_DEPTH, "commodity": (r.COMMODITY_DESC or "").strip(), "ground": r.ground,
                                                                        ^^^^^^^^^^^^^^^^^^^^^^^^^^^^^^
AttributeError: 'float' object has no attribute 'strip'
